warning: Git tree '/etc/nixos' is dirty
building the system configuration...
warning: Git tree '/etc/nixos' is dirty
these 11 derivations will be built:
  /nix/store/4g4gvp1a1fqg5nxil4y04xw1vz2czh8v-home-manager-path.drv
  /nix/store/7kxh4rdp4m68lpfkqbap4cq5mg5b9zmp-opencode.json.drv
  /nix/store/rqdnx5zdra9nrs0lw4ch97cjayypkm9b-hm_fontconfigconf.d10hmfonts.conf.drv
  /nix/store/6zzf5ry33saajnpg9db9lnlf19i29dcn-home-manager-files.drv
  /nix/store/vja9i79wzidhmaqg4m4w7wbzxv66rsf6-home-manager-generation.drv
  /nix/store/c259z8mbvnpgrqailcrc98bxmp5agx09-unit-home-manager-enzo.service.drv
  /nix/store/8pv9f1lzsbs9r2n8a7qm6y7m0f4z8q16-system-units.drv
  /nix/store/d9q65s1i06xkkfahq8kh2pla8vss13yd-user-environment.drv
  /nix/store/imhyphagd9zyr5jjfnqma57jw2mzbm31-etc.drv
  /nix/store/rsp0v0b3h480acz06b5klsv3i12k6q2n-activate.drv
  /nix/store/y7am2rj6bg25nkai5d6h8yn06844qkgh-nixos-system-nixos-26.05.20260917.ecc58f3.drv
this path will be fetched (4.1 KiB download, 14.9 KiB unpacked):
  /nix/store/bzk2jf62ksz06jqlkz9bf7xk8iidhcwk-jq-1.8.2-dev
building '/nix/store/4g4gvp1a1fqg5nxil4y04xw1vz2czh8v-home-manager-path.drv'...
copying path '/nix/store/bzk2jf62ksz06jqlkz9bf7xk8iidhcwk-jq-1.8.2-dev' from 'https://cache.nixos.org'...
building '/nix/store/7kxh4rdp4m68lpfkqbap4cq5mg5b9zmp-opencode.json.drv'...
building '/nix/store/rqdnx5zdra9nrs0lw4ch97cjayypkm9b-hm_fontconfigconf.d10hmfonts.conf.drv'...
building '/nix/store/d9q65s1i06xkkfahq8kh2pla8vss13yd-user-environment.drv'...
building '/nix/store/6zzf5ry33saajnpg9db9lnlf19i29dcn-home-manager-files.drv'...
building '/nix/store/vja9i79wzidhmaqg4m4w7wbzxv66rsf6-home-manager-generation.drv'...
building '/nix/store/c259z8mbvnpgrqailcrc98bxmp5agx09-unit-home-manager-enzo.service.drv'...
building '/nix/store/8pv9f1lzsbs9r2n8a7qm6y7m0f4z8q16-system-units.drv'...
building '/nix/store/imhyphagd9zyr5jjfnqma57jw2mzbm31-etc.drv'...
building '/nix/store/rsp0v0b3h480acz06b5klsv3i12k6q2n-activate.drv'...
building '/nix/store/y7am2rj6bg25nkai5d6h8yn06844qkgh-nixos-system-nixos-26.05.20260917.ecc58f3.drv'...
Checking switch inhibitors... done
activating the configuration...
setting up /etc...
reloading user units for enzo...
restarting the following user units: nixos-activation.service
restarting sysinit-reactivation.target
restarting the following units: home-manager-enzo.service
Done. The new configuration is /nix/store/3vy5w91bm57ibax55r0l6v88bi2haijz-nixos-system-nixos-26.05.20260917.ecc58f3
